[     245ms] [LOG] Rendered http://localhost:3000/styles/main.less successfully. @ http://localhost:3000/lib/less/dist/less.min.js:9
[     247ms] [LOG] CSS for http://localhost:3000/styles/main.less generated in 60ms @ http://localhost:3000/lib/less/dist/less.min.js:9
[     247ms] [LOG] Less has finished. CSS generated in 60ms @ http://localhost:3000/lib/less/dist/less.min.js:9
[     386ms] [WARNING] [JavaScript Warning: "Window.fullScreen attribute is deprecated and will be removed in the future." {file: "http://localhost:3000/lib/systemjs/dist/system.js" line: 4}] @ http://localhost:3000/lib/systemjs/dist/system.js:4
[     387ms] [WARNING] [JavaScript Warning: "InstallTrigger is deprecated and will be removed in the future." {file: "http://localhost:3000/lib/systemjs/dist/system.js" line: 4}] @ http://localhost:3000/lib/systemjs/dist/system.js:4
[     387ms] [WARNING] [JavaScript Warning: "onmozfullscreenchange is deprecated." {file: "http://localhost:3000/lib/systemjs/dist/system.js" line: 4}] @ http://localhost:3000/lib/systemjs/dist/system.js:4
[     387ms] [WARNING] [JavaScript Warning: "onmozfullscreenerror is deprecated." {file: "http://localhost:3000/lib/systemjs/dist/system.js" line: 4}] @ http://localhost:3000/lib/systemjs/dist/system.js:4
[     388ms] RangeError: invalid language tag: "undefined"
    at ReportInfoModel (http://localhost:3000/js/models/reports_list_model.js:18:39)
    at module.exports/</< (http://localhost:3000/js/models/reports_list_model.js:34:14)
    at arrayMap (http://localhost:3000/lib/lodash/lodash.js:654:23)
    at map (http://localhost:3000/lib/lodash/lodash.js:9653:14)
    at module.exports/< (http://localhost:3000/js/models/reports_list_model.js:33:24)
    at promise callback*module.exports (http://localhost:3000/js/models/reports_list_model.js:32:39)
    at module.exports (http://localhost:3000/js/view_model.js:28:29)
    at module.exports.run (http://localhost:3000/js/main.js:14:22)
    at  (http://localhost:3000/js/bootstrap.js:24:70)
    at promise callback* (http://localhost:3000/js/bootstrap.js:24:39)
    at  (http://localhost:3000/js/bootstrap.js:25:3)
[   14694ms] [LOG] Rendered http://localhost:3000/styles/main.less successfully. @ http://localhost:3000/lib/less/dist/less.min.js:9
[   14694ms] [LOG] CSS for http://localhost:3000/styles/main.less generated in 33ms @ http://localhost:3000/lib/less/dist/less.min.js:9
[   14694ms] [LOG] Less has finished. CSS generated in 33ms @ http://localhost:3000/lib/less/dist/less.min.js:9
[   14800ms] [WARNING] [JavaScript Warning: "Window.fullScreen attribute is deprecated and will be removed in the future." {file: "http://localhost:3000/lib/systemjs/dist/system.js" line: 4}] @ http://localhost:3000/lib/systemjs/dist/system.js:4
[   14800ms] [WARNING] [JavaScript Warning: "InstallTrigger is deprecated and will be removed in the future." {file: "http://localhost:3000/lib/systemjs/dist/system.js" line: 4}] @ http://localhost:3000/lib/systemjs/dist/system.js:4
[   14801ms] [WARNING] [JavaScript Warning: "onmozfullscreenchange is deprecated." {file: "http://localhost:3000/lib/systemjs/dist/system.js" line: 4}] @ http://localhost:3000/lib/systemjs/dist/system.js:4
[   14801ms] [WARNING] [JavaScript Warning: "onmozfullscreenerror is deprecated." {file: "http://localhost:3000/lib/systemjs/dist/system.js" line: 4}] @ http://localhost:3000/lib/systemjs/dist/system.js:4
